src/app/api/auth/delete/route.ts(33,13): error TS2367: This comparison appears to be unintentional because the types 'Role' and '"admin"' have no overlap.
src/app/api/orders/[id]/route.ts(62,33): error TS2353: Object literal may only specify known properties, and 'stock' does not exist in type '(Without<ProductUpdateInput, ProductUncheckedUpdateInput> & ProductUncheckedUpdateInput) | (Without<...> & ProductUpdateInput)'.
src/app/page.tsx(107,24): error TS2322: Type '{ specs: Record<string, string>; categoryId: string; category: { id: string; name: string; createdAt: Date; }; brand: { id: string; name: string; createdAt: Date; } | null; id: string; ... 6 more ...; updatedAt: Date; }[]' is not assignable to type 'Product[]'.
  Property 'stock' is missing in type '{ specs: Record<string, string>; categoryId: string; category: { id: string; name: string; createdAt: Date; }; brand: { id: string; name: string; createdAt: Date; } | null; id: string; name: string; ... 5 more ...; updatedAt: Date; }' but required in type 'Product'.
src/app/products/[id]/page.tsx(70,34): error TS2339: Property 'stock' does not exist on type '{ category: { id: string; name: string; createdAt: Date; }; brand: { id: string; name: string; createdAt: Date; } | null; } & { id: string; name: string; createdAt: Date; price: number; ... 5 more ...; updatedAt: Date; }'.
src/app/products/[id]/page.tsx(82,54): error TS2339: Property 'stock' does not exist on type '{ category: { id: string; name: string; createdAt: Date; }; brand: { id: string; name: string; createdAt: Date; } | null; } & { id: string; name: string; createdAt: Date; price: number; ... 5 more ...; updatedAt: Date; }'.
src/app/products/[id]/page.tsx(84,37): error TS2339: Property 'stock' does not exist on type '{ category: { id: string; name: string; createdAt: Date; }; brand: { id: string; name: string; createdAt: Date; } | null; } & { id: string; name: string; createdAt: Date; price: number; ... 5 more ...; updatedAt: Date; }'.
src/app/products/[id]/page.tsx(96,62): error TS2339: Property 'stock' does not exist on type '{ category: { id: string; name: string; createdAt: Date; }; brand: { id: string; name: string; createdAt: Date; } | null; } & { id: string; name: string; createdAt: Date; price: number; ... 5 more ...; updatedAt: Date; }'.
src/app/products/[id]/page.tsx(119,30): error TS2339: Property 'stock' does not exist on type '{ category: { id: string; name: string; createdAt: Date; }; brand: { id: string; name: string; createdAt: Date; } | null; } & { id: string; name: string; createdAt: Date; price: number; ... 5 more ...; updatedAt: Date; }'.
src/app/products/[id]/page.tsx(120,42): error TS2741: Property 'stock' is missing in type '{ specs: Record<string, string>; categoryId: string; category: { id: string; name: string; createdAt: Date; }; brand: { id: string; name: string; createdAt: Date; } | null; id: string; name: string; ... 5 more ...; updatedAt: Date; }' but required in type 'Product'.
